
> my-app@0.1.0 build
> react-scripts build

Creating an optimized production build...

Treating warnings as errors because process.env.CI = true.
Most CI servers set it automatically.

Failed to compile.

[eslint] 
src\pages\gallery\gallery.js
  Line 283:16:  'hasImages' is assigned a value but never used  no-unused-vars


